\BOOKMARK [1][-]{section.1}{Visi\363n general}{}% 1
\BOOKMARK [1][-]{section.2}{Estrategia}{}% 2
\BOOKMARK [1][-]{section.3}{Entorno de pruebas}{}% 3
\BOOKMARK [2][-]{subsection.3.1}{Hardware}{section.3}% 4
\BOOKMARK [2][-]{subsection.3.2}{Software}{section.3}% 5
\BOOKMARK [1][-]{section.4}{Roles}{}% 6
\BOOKMARK [1][-]{section.5}{Niveles de pruebas}{}% 7
\BOOKMARK [2][-]{subsection.5.1}{Pruebas unitarias}{section.5}% 8
\BOOKMARK [3][-]{subsubsection.5.1.1}{Asignaci\363n de booleanos}{subsection.5.1}% 9
\BOOKMARK [3][-]{subsubsection.5.1.2}{Operador de igualdad con operandos num\351ricos}{subsection.5.1}% 10
\BOOKMARK [3][-]{subsubsection.5.1.3}{Definici\363n y llamadas de funciones con cuerpo vac\355o}{subsection.5.1}% 11
\BOOKMARK [2][-]{subsection.5.2}{Pruebas de integraci\363n}{section.5}% 12
\BOOKMARK [2][-]{subsection.5.3}{Pruebas funcionales del sistema}{section.5}% 13
\BOOKMARK [3][-]{subsubsection.5.3.1}{Calculadora}{subsection.5.3}% 14
\BOOKMARK [3][-]{subsubsection.5.3.2}{Sistema de cuestionarios}{subsection.5.3}% 15
\BOOKMARK [3][-]{subsubsection.5.3.3}{Tic-Tac-Toe}{subsection.5.3}% 16
\BOOKMARK [2][-]{subsection.5.4}{Pruebas no funcionales del sistema}{section.5}% 17
